
=======================================================
  CartPole-v1  (50k steps, 3 seeds)
=======================================================
  [standard]
    seed=0
    seed=1
    seed=2
    final 10-ep mean=300.5 ± 97.7
  [double]
    seed=0
    seed=1
    seed=2
    final 10-ep mean=393.7 ± 78.3
  [contractive]
    seed=0
    seed=1
    seed=2
    final 10-ep mean=278.6 ± 38.9
  Saved: /home/nvidia/Linearizer/contractive_rl/dqn/../results/cartpole_v1_learning_curves.png
  Saved: /home/nvidia/Linearizer/contractive_rl/dqn/../results/cartpole_v1_dqn_results.json
CartPole affine done: {'standard': {'final_mean': 300.53333333333336, 'final_std': 97.72397635972226}, 'double': {'final_mean': 393.73333333333335, 'final_std': 78.33204254255655}, 'contractive': {'final_mean': 278.59999999999997, 'final_std': 38.89395839973094}}
