Device: cpu
Training 8000 steps, batch_size=32, grid=10x10, state_dim=100

=== Generating dataset ===
  Pre-generating 5000 maps (grid=10x10)...
  Done: 5000 maps in 143.7s. maps=torch.Size([5000, 3, 10, 10]), V_star=torch.Size([5000, 100])

=== Training contractive ===
  [contractive] step 200/8000 | loss=7.1965 bel=4.7189 fp=2.6396 multi=11.5785 t=15s
  [contractive] step 400/8000 | loss=9.7765 bel=5.2847 fp=5.2506 multi=18.6650 t=30s
  [contractive] step 600/8000 | loss=7.2429 bel=4.9936 fp=1.7098 multi=13.9447 t=44s
  [contractive] step 800/8000 | loss=7.0149 bel=5.1586 fp=1.1009 multi=13.0578 t=58s
  [contractive] step 1000/8000 | loss=6.3490 bel=4.5025 fp=1.0589 multi=13.1712 t=74s
  [contractive] step 1200/8000 | loss=5.8880 bel=4.1343 fp=0.7794 multi=13.6404 t=90s
  [contractive] step 1400/8000 | loss=9.0158 bel=5.5966 fp=3.2564 multi=17.9092 t=105s
  [contractive] step 1600/8000 | loss=6.2317 bel=4.5816 fp=0.7323 multi=12.8392 t=121s
  [contractive] step 1800/8000 | loss=6.8523 bel=5.2378 fp=0.8621 multi=11.8345 t=133s
  [contractive] step 2000/8000 | loss=7.5514 bel=5.8611 fp=0.8930 multi=12.4376 t=148s
  [contractive] step 2200/8000 | loss=5.2783 bel=3.6507 fp=0.6480 multi=13.0361 t=166s
  [contractive] step 2400/8000 | loss=7.4893 bel=5.5479 fp=1.0528 multi=14.1503 t=182s
  [contractive] step 2600/8000 | loss=6.7606 bel=5.1123 fp=0.5890 multi=13.5382 t=197s
  [contractive] step 2800/8000 | loss=6.5103 bel=4.8150 fp=0.5880 multi=14.0131 t=212s
  [contractive] step 3000/8000 | loss=6.3035 bel=4.6323 fp=0.6456 multi=13.4840 t=227s
  [contractive] step 3200/8000 | loss=8.5222 bel=5.9133 fp=1.2954 multi=19.6114 t=242s
  [contractive] step 3400/8000 | loss=5.6865 bel=4.2763 fp=0.4390 multi=11.9066 t=257s
  [contractive] step 3600/8000 | loss=7.6085 bel=4.7664 fp=2.3420 multi=16.7116 t=274s
  [contractive] step 3800/8000 | loss=6.1584 bel=4.6840 fp=0.3863 multi=12.8124 t=291s
  [contractive] step 4000/8000 | loss=6.6560 bel=5.0642 fp=0.5018 multi=13.4096 t=306s
  [contractive] step 4200/8000 | loss=5.0464 bel=3.5550 fp=0.4465 multi=12.6820 t=321s
  [contractive] step 4400/8000 | loss=5.6960 bel=4.1571 fp=0.4893 multi=12.9425 t=338s
  [contractive] step 4600/8000 | loss=5.7351 bel=4.2625 fp=0.4546 multi=12.4532 t=352s
  [contractive] step 4800/8000 | loss=5.1959 bel=3.7325 fp=0.3900 multi=12.6839 t=368s
  [contractive] step 5000/8000 | loss=7.1689 bel=5.6609 fp=0.4495 multi=12.8322 t=384s
  [contractive] step 5200/8000 | loss=6.0198 bel=4.6477 fp=0.3431 multi=12.0054 t=400s
  [contractive] step 5400/8000 | loss=6.7123 bel=5.1226 fp=0.5101 multi=13.3471 t=415s
  [contractive] step 5600/8000 | loss=6.9377 bel=5.5457 fp=0.3698 multi=12.0714 t=431s
  [contractive] step 5800/8000 | loss=7.2773 bel=4.6633 fp=1.9172 multi=16.5536 t=447s
  [contractive] step 6000/8000 | loss=7.1778 bel=4.8656 fp=1.2274 multi=16.9849 t=462s
  [contractive] step 6200/8000 | loss=6.8666 bel=5.3542 fp=0.4242 multi=13.0034 t=478s
  [contractive] step 6400/8000 | loss=7.6122 bel=5.1865 fp=1.3529 multi=17.4928 t=494s
  [contractive] step 6600/8000 | loss=6.0525 bel=4.5655 fp=0.4139 multi=12.8004 t=510s
  [contractive] step 6800/8000 | loss=5.8831 bel=4.4549 fp=0.3925 multi=12.3195 t=526s
  [contractive] step 7000/8000 | loss=6.4539 bel=5.0212 fp=0.4859 multi=11.8977 t=543s
  [contractive] step 7200/8000 | loss=5.9666 bel=4.4563 fp=0.4319 multi=12.9438 t=559s
  [contractive] step 7400/8000 | loss=5.2479 bel=3.8352 fp=0.3592 multi=12.3308 t=574s
  [contractive] step 7600/8000 | loss=6.0391 bel=4.6892 fp=0.3852 multi=11.5735 t=591s
  [contractive] step 7800/8000 | loss=5.6927 bel=4.3616 fp=0.3822 multi=11.4000 t=607s
  [contractive] step 8000/8000 | loss=5.5740 bel=4.1987 fp=0.4298 multi=11.6041 t=619s
  [contractive] DONE in 619.5s | final loss=5.5740 | saved: /home/nvidia/Linearizer/contractive_rl/planning/checkpoints/contractive.pt

=== Training unconstrained ===
  [unconstrained] step 200/8000 | loss=7.8196 bel=5.1749 fp=3.1535 multi=10.6793 t=15s
  [unconstrained] step 400/8000 | loss=9.0281 bel=5.1275 fp=3.9684 multi=19.1649 t=31s
  [unconstrained] step 600/8000 | loss=6.8914 bel=4.8755 fp=1.1270 multi=14.5241 t=45s
  [unconstrained] step 800/8000 | loss=6.8972 bel=5.2241 fp=0.6387 multi=13.5381 t=60s
  [unconstrained] step 1000/8000 | loss=5.9454 bel=4.4976 fp=0.3990 multi=12.4832 t=76s
  [unconstrained] step 1200/8000 | loss=5.7722 bel=4.2031 fp=0.4255 multi=13.5637 t=90s
  [unconstrained] step 1400/8000 | loss=7.7085 bel=5.6353 fp=0.6162 multi=17.6510 t=107s
  [unconstrained] step 1600/8000 | loss=5.9648 bel=4.4467 fp=0.4040 multi=13.1606 t=125s
  [unconstrained] step 1800/8000 | loss=6.4809 bel=5.1199 fp=0.3102 multi=12.0589 t=138s
  [unconstrained] step 2000/8000 | loss=7.0377 bel=5.6810 fp=0.2428 multi=12.3531 t=155s
  [unconstrained] step 2200/8000 | loss=5.1559 bel=3.5708 fp=0.4003 multi=13.8493 t=169s
  [unconstrained] step 2400/8000 | loss=7.1449 bel=5.5060 fp=0.3290 multi=14.7449 t=186s
  [unconstrained] step 2600/8000 | loss=6.6688 bel=5.2385 fp=0.1779 multi=13.4135 t=201s
  [unconstrained] step 2800/8000 | loss=6.1499 bel=4.6738 fp=0.1898 multi=13.8113 t=218s
  [unconstrained] step 3000/8000 | loss=6.0612 bel=4.5547 fp=0.2499 multi=13.8156 t=235s
  [unconstrained] step 3200/8000 | loss=8.0158 bel=5.9464 fp=0.2421 multi=19.4836 t=249s
  [unconstrained] step 3400/8000 | loss=5.4114 bel=4.1581 fp=0.1114 multi=11.9757 t=265s
  [unconstrained] step 3600/8000 | loss=6.5905 bel=4.6279 fp=0.4087 multi=17.5825 t=280s
  [unconstrained] step 3800/8000 | loss=5.9721 bel=4.6640 fp=0.1007 multi=12.5772 t=296s
  [unconstrained] step 4000/8000 | loss=6.4853 bel=5.1039 fp=0.1054 multi=13.2873 t=311s
  [unconstrained] step 4200/8000 | loss=4.7454 bel=3.4730 fp=0.0939 multi=12.2539 t=327s
  [unconstrained] step 4400/8000 | loss=5.5016 bel=4.1479 fp=0.1009 multi=13.0325 t=343s
  [unconstrained] step 4600/8000 | loss=5.4946 bel=4.2001 fp=0.1253 multi=12.3191 t=359s
  [unconstrained] step 4800/8000 | loss=4.9227 bel=3.6136 fp=0.0903 multi=12.6390 t=376s
  [unconstrained] step 5000/8000 | loss=6.8701 bel=5.5428 fp=0.1172 multi=12.6876 t=394s
  [unconstrained] step 5200/8000 | loss=5.6770 bel=4.4571 fp=0.0871 multi=11.7633 t=409s
  [unconstrained] step 5400/8000 | loss=6.4555 bel=5.0267 fp=0.1184 multi=13.6959 t=425s
  [unconstrained] step 5600/8000 | loss=6.6215 bel=5.3348 fp=0.0922 multi=12.4058 t=441s
  [unconstrained] step 5800/8000 | loss=6.3969 bel=4.5827 fp=0.2707 multi=16.7882 t=456s
  [unconstrained] step 6000/8000 | loss=6.5890 bel=4.6679 fp=0.2504 multi=17.9583 t=470s
  [unconstrained] step 6200/8000 | loss=6.5324 bel=5.1556 fp=0.0822 multi=13.3571 t=485s
  [unconstrained] step 6400/8000 | loss=6.8250 bel=4.8817 fp=0.1107 multi=18.8790 t=500s
  [unconstrained] step 6600/8000 | loss=5.6499 bel=4.3276 fp=0.0990 multi=12.7278 t=515s
  [unconstrained] step 6800/8000 | loss=5.5838 bel=4.3064 fp=0.0783 multi=12.3826 t=529s
  [unconstrained] step 7000/8000 | loss=5.9049 bel=4.6625 fp=0.0876 multi=11.9859 t=543s
  [unconstrained] step 7200/8000 | loss=5.7054 bel=4.3565 fp=0.0978 multi=12.9993 t=558s
  [unconstrained] step 7400/8000 | loss=5.1102 bel=3.8269 fp=0.0775 multi=12.4445 t=572s
  [unconstrained] step 7600/8000 | loss=5.7497 bel=4.5756 fp=0.0729 multi=11.3764 t=586s
  [unconstrained] step 7800/8000 | loss=5.2830 bel=4.0994 fp=0.0856 multi=11.4079 t=602s
  [unconstrained] step 8000/8000 | loss=5.1725 bel=3.9608 fp=0.0835 multi=11.6990 t=616s
  [unconstrained] DONE in 616.2s | final loss=5.1725 | saved: /home/nvidia/Linearizer/contractive_rl/planning/checkpoints/unconstrained.pt

=== Training iterative_mlp ===
  [iterative_mlp] step 200/8000 | loss=14.7586 bel=12.5674 fp=0.4683 multi=19.5707 t=12s
  [iterative_mlp] step 400/8000 | loss=15.7966 bel=12.5169 fp=1.1407 multi=27.0937 t=23s
  [iterative_mlp] step 600/8000 | loss=13.2849 bel=10.8673 fp=0.6723 multi=20.8150 t=33s
  [iterative_mlp] step 800/8000 | loss=12.0657 bel=9.8936 fp=0.5793 multi=18.8245 t=44s
  [iterative_mlp] step 1000/8000 | loss=10.4961 bel=8.5292 fp=0.4524 multi=17.4069 t=55s
  [iterative_mlp] step 1200/8000 | loss=8.9787 bel=7.0166 fp=0.3889 multi=17.6763 t=65s
  [iterative_mlp] step 1400/8000 | loss=11.6383 bel=8.8178 fp=1.3026 multi=21.6919 t=75s
  [iterative_mlp] step 1600/8000 | loss=8.6876 bel=6.8382 fp=0.2904 multi=17.0417 t=88s
  [iterative_mlp] step 1800/8000 | loss=9.3006 bel=7.5780 fp=0.1570 multi=16.4409 t=100s
  [iterative_mlp] step 2000/8000 | loss=9.9226 bel=8.1027 fp=0.1696 multi=17.3513 t=112s
  [iterative_mlp] step 2200/8000 | loss=6.4178 bel=4.7426 fp=0.1608 multi=15.9479 t=123s
  [iterative_mlp] step 2400/8000 | loss=9.0832 bel=7.2275 fp=0.1142 multi=17.9854 t=133s
  [iterative_mlp] step 2600/8000 | loss=7.9440 bel=6.1668 fp=0.2318 multi=16.6134 t=143s
  [iterative_mlp] step 2800/8000 | loss=7.5343 bel=5.7595 fp=0.0321 multi=17.5872 t=154s
  [iterative_mlp] step 3000/8000 | loss=7.0358 bel=5.3883 fp=0.0328 multi=16.3106 t=165s
  [iterative_mlp] step 3200/8000 | loss=9.5222 bel=6.8268 fp=0.9291 multi=22.3085 t=176s
  [iterative_mlp] step 3400/8000 | loss=6.1344 bel=4.6834 fp=0.0191 multi=14.4144 t=186s
  [iterative_mlp] step 3600/8000 | loss=7.2189 bel=5.0268 fp=0.5373 multi=19.2343 t=198s
  [iterative_mlp] step 3800/8000 | loss=6.7230 bel=5.2274 fp=0.0289 multi=14.8119 t=208s
  [iterative_mlp] step 4000/8000 | loss=7.2019 bel=5.6141 fp=0.0251 multi=15.7523 t=218s
  [iterative_mlp] step 4200/8000 | loss=5.2269 bel=3.7979 fp=0.0228 multi=14.1764 t=229s
  [iterative_mlp] step 4400/8000 | loss=5.7316 bel=4.2256 fp=0.0111 multi=15.0040 t=240s
  [iterative_mlp] step 4600/8000 | loss=5.5656 bel=4.1346 fp=0.0222 multi=14.1993 t=251s
  [iterative_mlp] step 4800/8000 | loss=5.2176 bel=3.7859 fp=0.0627 multi=14.0038 t=262s
  [iterative_mlp] step 5000/8000 | loss=7.0903 bel=5.5640 fp=0.0533 multi=14.9960 t=273s
  [iterative_mlp] step 5200/8000 | loss=5.6821 bel=4.3157 fp=0.0204 multi=13.5626 t=284s
  [iterative_mlp] step 5400/8000 | loss=6.3197 bel=4.7877 fp=0.0164 multi=15.2377 t=295s
  [iterative_mlp] step 5600/8000 | loss=6.8666 bel=5.4718 fp=0.0107 multi=13.8944 t=305s
  [iterative_mlp] step 5800/8000 | loss=6.7074 bel=4.7056 fp=0.4419 multi=17.8085 t=316s
  [iterative_mlp] step 6000/8000 | loss=6.8837 bel=4.7341 fp=0.4967 multi=19.0134 t=326s
  [iterative_mlp] step 6200/8000 | loss=6.5382 bel=5.0333 fp=0.0033 multi=15.0326 t=337s
  [iterative_mlp] step 6400/8000 | loss=7.0061 bel=4.7253 fp=0.4516 multi=20.5506 t=349s
  [iterative_mlp] step 6600/8000 | loss=5.9539 bel=4.5019 fp=0.0275 multi=14.3825 t=360s
  [iterative_mlp] step 6800/8000 | loss=5.7171 bel=4.3176 fp=0.0105 multi=13.9423 t=371s
  [iterative_mlp] step 7000/8000 | loss=6.2043 bel=4.8192 fp=0.0049 multi=13.8263 t=383s
  [iterative_mlp] step 7200/8000 | loss=5.6473 bel=4.1483 fp=0.0429 multi=14.7747 t=396s
  [iterative_mlp] step 7400/8000 | loss=5.2941 bel=3.8604 fp=0.0261 multi=14.2070 t=408s
  [iterative_mlp] step 7600/8000 | loss=5.5724 bel=4.2116 fp=0.0509 multi=13.3538 t=420s
  [iterative_mlp] step 7800/8000 | loss=5.1972 bel=3.9043 fp=0.0054 multi=12.9017 t=431s
  [iterative_mlp] step 8000/8000 | loss=5.0742 bel=3.7158 fp=0.0360 multi=13.4043 t=443s
  [iterative_mlp] DONE in 442.8s | final loss=5.0742 | saved: /home/nvidia/Linearizer/contractive_rl/planning/checkpoints/iterative_mlp.pt

=== Training vin ===
  [vin] step 200/8000 | loss=13.1640 bel=6.5798 fp=10.1958 multi=14.8636 t=15s
  [vin] step 400/8000 | loss=10.6741 bel=4.9553 fp=8.0243 multi=17.0668 t=29s
  [vin] step 600/8000 | loss=8.0865 bel=4.3142 fp=5.0470 multi=12.4883 t=43s
  [vin] step 800/8000 | loss=6.9243 bel=3.8557 fp=3.8676 multi=11.3475 t=58s
  [vin] step 1000/8000 | loss=6.1863 bel=3.4263 fp=3.2891 multi=11.1552 t=71s
  [vin] step 1200/8000 | loss=5.9289 bel=3.1929 fp=3.1048 multi=11.8361 t=85s
  [vin] step 1400/8000 | loss=8.3662 bel=4.2900 fp=4.9627 multi=15.9495 t=100s
  [vin] step 1600/8000 | loss=6.3369 bel=3.7852 fp=2.8387 multi=11.3235 t=117s
  [vin] step 1800/8000 | loss=6.6093 bel=4.0485 fp=2.8730 multi=11.2422 t=133s
  [vin] step 2000/8000 | loss=7.6321 bel=4.9276 fp=3.1241 multi=11.4247 t=147s
  [vin] step 2200/8000 | loss=5.1044 bel=2.7317 fp=2.5486 multi=10.9838 t=161s
  [vin] step 2400/8000 | loss=7.1884 bel=4.1387 fp=3.4500 multi=13.2466 t=177s
  [vin] step 2600/8000 | loss=6.6871 bel=3.8875 fp=3.1592 multi=12.1995 t=190s
  [vin] step 2800/8000 | loss=6.3328 bel=3.6002 fp=2.9638 multi=12.5061 t=204s
  [vin] step 3000/8000 | loss=5.9792 bel=3.5308 fp=2.4709 multi=12.1290 t=219s
  [vin] step 3200/8000 | loss=8.1495 bel=4.4367 fp=3.9596 multi=17.3308 t=234s
  [vin] step 3400/8000 | loss=5.0026 bel=2.9869 fp=1.8947 multi=10.6844 t=249s
  [vin] step 3600/8000 | loss=6.6013 bel=3.3719 fp=3.4387 multi=15.1005 t=263s
  [vin] step 3800/8000 | loss=5.6552 bel=3.3652 fp=2.1697 multi=12.0514 t=279s
  [vin] step 4000/8000 | loss=6.3892 bel=3.9655 fp=2.3740 multi=12.3669 t=294s
  [vin] step 4200/8000 | loss=4.3657 bel=2.4098 fp=1.7600 multi=10.7591 t=309s
  [vin] step 4400/8000 | loss=4.9308 bel=2.7394 fp=2.1037 multi=11.3958 t=321s
  [vin] step 4600/8000 | loss=4.8467 bel=2.8517 fp=1.8346 multi=10.7778 t=333s
  [vin] step 4800/8000 | loss=4.5094 bel=2.4586 fp=1.8633 multi=11.1912 t=348s
  [vin] step 5000/8000 | loss=6.2456 bel=3.9558 fp=2.1889 multi=11.9534 t=363s
  [vin] step 5200/8000 | loss=5.0341 bel=3.0308 fp=1.8521 multi=10.7726 t=378s
  [vin] step 5400/8000 | loss=5.6303 bel=3.3639 fp=2.0827 multi=12.2503 t=392s
  [vin] step 5600/8000 | loss=5.8985 bel=3.6898 fp=2.0539 multi=11.8181 t=407s
  [vin] step 5800/8000 | loss=6.2451 bel=3.2711 fp=2.8571 multi=15.4550 t=422s
  [vin] step 6000/8000 | loss=6.6479 bel=3.5079 fp=2.9994 multi=16.4027 t=436s
  [vin] step 6200/8000 | loss=5.7962 bel=3.4468 fp=2.2591 multi=12.1983 t=450s
  [vin] step 6400/8000 | loss=6.8881 bel=3.6073 fp=3.0352 multi=17.6329 t=464s
  [vin] step 6600/8000 | loss=5.2641 bel=3.1481 fp=1.9537 multi=11.3915 t=477s
  [vin] step 6800/8000 | loss=5.3278 bel=3.3105 fp=1.7514 multi=11.4162 t=491s
  [vin] step 7000/8000 | loss=5.6242 bel=3.4876 fp=2.0274 multi=11.2300 t=506s
  [vin] step 7200/8000 | loss=5.0222 bel=2.9209 fp=1.8019 multi=12.0039 t=520s
  [vin] step 7400/8000 | loss=4.4405 bel=2.4575 fp=1.7624 multi=11.0187 t=535s
  [vin] step 7600/8000 | loss=5.0565 bel=3.0226 fp=1.8717 multi=10.9810 t=551s
  [vin] step 7800/8000 | loss=4.7912 bel=2.9017 fp=1.6197 multi=10.7966 t=566s
  [vin] step 8000/8000 | loss=4.5188 bel=2.6553 fp=1.6045 multi=10.6131 t=578s
  [vin] DONE in 578.4s | final loss=4.5188 | saved: /home/nvidia/Linearizer/contractive_rl/planning/checkpoints/vin.pt

=== Training contractive_05 ===
  [contractive_05] step 200/8000 | loss=7.0758 bel=4.7352 fp=2.3924 multi=11.4430 t=13s
  [contractive_05] step 400/8000 | loss=9.7593 bel=5.1316 fp=5.3443 multi=19.5550 t=27s
  [contractive_05] step 600/8000 | loss=7.1620 bel=5.0425 fp=1.4479 multi=13.9552 t=40s
  [contractive_05] step 800/8000 | loss=6.8169 bel=4.9940 fp=0.9858 multi=13.3001 t=57s
  [contractive_05] step 1000/8000 | loss=6.3574 bel=4.4710 fp=1.1401 multi=13.1628 t=71s
  [contractive_05] step 1200/8000 | loss=6.0445 bel=4.2695 fp=0.8470 multi=13.5157 t=87s
  [contractive_05] step 1400/8000 | loss=9.3979 bel=5.5057 fp=4.0800 multi=18.5221 t=102s
  [contractive_05] step 1600/8000 | loss=6.2473 bel=4.5147 fp=0.8460 multi=13.0964 t=117s
  [contractive_05] step 1800/8000 | loss=6.8693 bel=5.2698 fp=0.8565 multi=11.7133 t=133s
  [contractive_05] step 2000/8000 | loss=7.4976 bel=5.8689 fp=0.7570 multi=12.5023 t=148s
  [contractive_05] step 2200/8000 | loss=5.3717 bel=3.6885 fp=0.6705 multi=13.4791 t=164s
  [contractive_05] step 2400/8000 | loss=7.5369 bel=5.5629 fp=1.0613 multi=14.4340 t=180s
  [contractive_05] step 2600/8000 | loss=6.9328 bel=5.1313 fp=0.8139 multi=13.9457 t=195s
  [contractive_05] step 2800/8000 | loss=6.5001 bel=4.8010 fp=0.5833 multi=14.0752 t=211s
  [contractive_05] step 3000/8000 | loss=6.3893 bel=4.6890 fp=0.6961 multi=13.5230 t=224s
  [contractive_05] step 3200/8000 | loss=8.8369 bel=5.9882 fp=1.7499 multi=19.7384 t=239s
  [contractive_05] step 3400/8000 | loss=5.6518 bel=4.1958 fp=0.4732 multi=12.1945 t=256s
  [contractive_05] step 3600/8000 | loss=7.7014 bel=4.7170 fp=2.5894 multi=16.8969 t=272s
  [contractive_05] step 3800/8000 | loss=6.2200 bel=4.7034 fp=0.4122 multi=13.1045 t=288s
  [contractive_05] step 4000/8000 | loss=6.6772 bel=5.0936 fp=0.4702 multi=13.4848 t=303s
  [contractive_05] step 4200/8000 | loss=5.0469 bel=3.5875 fp=0.4114 multi=12.5366 t=319s
  [contractive_05] step 4400/8000 | loss=5.6298 bel=4.1378 fp=0.3867 multi=12.9866 t=334s
  [contractive_05] step 4600/8000 | loss=5.8226 bel=4.3339 fp=0.5171 multi=12.3014 t=346s
  [contractive_05] step 4800/8000 | loss=5.1871 bel=3.7193 fp=0.3834 multi=12.7604 t=362s
  [contractive_05] step 5000/8000 | loss=7.2915 bel=5.7955 fp=0.4617 multi=12.6510 t=379s
  [contractive_05] step 5200/8000 | loss=6.1166 bel=4.7204 fp=0.4226 multi=11.8489 t=393s
  [contractive_05] step 5400/8000 | loss=6.7265 bel=5.1783 fp=0.4568 multi=13.1981 t=410s
  [contractive_05] step 5600/8000 | loss=7.0654 bel=5.6687 fp=0.3681 multi=12.1262 t=426s
  [contractive_05] step 5800/8000 | loss=7.5572 bel=4.7581 fp=2.2621 multi=16.6812 t=443s
  [contractive_05] step 6000/8000 | loss=7.7647 bel=4.9085 fp=2.1851 multi=17.6364 t=461s
  [contractive_05] step 6200/8000 | loss=6.9599 bel=5.4274 fp=0.4393 multi=13.1287 t=477s
  [contractive_05] step 6400/8000 | loss=7.5899 bel=5.0671 fp=1.3724 multi=18.3661 t=493s
  [contractive_05] step 6600/8000 | loss=6.0875 bel=4.6378 fp=0.3548 multi=12.7233 t=508s
  [contractive_05] step 6800/8000 | loss=5.8678 bel=4.4451 fp=0.3593 multi=12.4308 t=524s
  [contractive_05] step 7000/8000 | loss=6.5079 bel=5.0609 fp=0.5284 multi=11.8281 t=538s
  [contractive_05] step 7200/8000 | loss=6.2132 bel=4.5013 fp=0.8371 multi=12.9328 t=554s
  [contractive_05] step 7400/8000 | loss=5.3613 bel=3.9299 fp=0.3780 multi=12.4239 t=570s
  [contractive_05] step 7600/8000 | loss=6.1093 bel=4.7537 fp=0.4116 multi=11.4980 t=585s
  [contractive_05] step 7800/8000 | loss=5.7443 bel=4.4198 fp=0.3511 multi=11.4897 t=601s
  [contractive_05] step 8000/8000 | loss=5.5062 bel=4.1804 fp=0.3570 multi=11.4726 t=617s
  [contractive_05] DONE in 617.3s | final loss=5.5062 | saved: /home/nvidia/Linearizer/contractive_rl/planning/checkpoints/contractive_05.pt

=== Training contractive_09 ===
  [contractive_09] step 200/8000 | loss=7.2043 bel=4.7775 fp=2.5467 multi=11.5350 t=14s
  [contractive_09] step 400/8000 | loss=9.6983 bel=5.1846 fp=5.2235 multi=19.0199 t=28s
  [contractive_09] step 600/8000 | loss=7.1725 bel=4.9535 fp=1.6317 multi=14.0315 t=43s
  [contractive_09] step 800/8000 | loss=6.6855 bel=4.9091 fp=0.8855 multi=13.3365 t=60s
  [contractive_09] step 1000/8000 | loss=6.3428 bel=4.4982 fp=1.0205 multi=13.3434 t=75s
  [contractive_09] step 1200/8000 | loss=5.9167 bel=4.0438 fp=0.9706 multi=13.8761 t=91s
  [contractive_09] step 1400/8000 | loss=9.2504 bel=5.4396 fp=3.8568 multi=18.8241 t=107s
  [contractive_09] step 1600/8000 | loss=6.3462 bel=4.5522 fp=0.9917 multi=12.9810 t=123s
  [contractive_09] step 1800/8000 | loss=6.8583 bel=5.3326 fp=0.7257 multi=11.6285 t=138s
  [contractive_09] step 2000/8000 | loss=7.3728 bel=5.8189 fp=0.6101 multi=12.4886 t=151s
  [contractive_09] step 2200/8000 | loss=5.2571 bel=3.6317 fp=0.6255 multi=13.1266 t=168s
  [contractive_09] step 2400/8000 | loss=7.5555 bel=5.6544 fp=0.9865 multi=14.0787 t=182s
  [contractive_09] step 2600/8000 | loss=6.9475 bel=5.2070 fp=0.6935 multi=13.9376 t=194s
  [contractive_09] step 2800/8000 | loss=6.4416 bel=4.7448 fp=0.5647 multi=14.1441 t=209s
  [contractive_09] step 3000/8000 | loss=6.3192 bel=4.6800 fp=0.5652 multi=13.5660 t=225s
  [contractive_09] step 3200/8000 | loss=8.4984 bel=5.9986 fp=0.9983 multi=20.0063 t=239s
  [contractive_09] step 3400/8000 | loss=5.8028 bel=4.2488 fp=0.7239 multi=11.9206 t=253s
  [contractive_09] step 3600/8000 | loss=7.4630 bel=4.7302 fp=2.1472 multi=16.5917 t=269s
  [contractive_09] step 3800/8000 | loss=6.2786 bel=4.6887 fp=0.5503 multi=13.1469 t=287s
  [contractive_09] step 4000/8000 | loss=6.7258 bel=5.1549 fp=0.4543 multi=13.4378 t=302s
  [contractive_09] step 4200/8000 | loss=5.0541 bel=3.5953 fp=0.4089 multi=12.5442 t=318s
  [contractive_09] step 4400/8000 | loss=5.6353 bel=4.0971 fp=0.4602 multi=13.0810 t=334s
  [contractive_09] step 4600/8000 | loss=5.8595 bel=4.3522 fp=0.5131 multi=12.5065 t=350s
  [contractive_09] step 4800/8000 | loss=5.1717 bel=3.7003 fp=0.4145 multi=12.6418 t=366s
  [contractive_09] step 5000/8000 | loss=7.2435 bel=5.7898 fp=0.3641 multi=12.7169 t=382s
  [contractive_09] step 5200/8000 | loss=6.1326 bel=4.7070 fp=0.4449 multi=12.0315 t=398s
  [contractive_09] step 5400/8000 | loss=6.6951 bel=5.1344 fp=0.4281 multi=13.4660 t=415s
  [contractive_09] step 5600/8000 | loss=7.0895 bel=5.6377 fp=0.4514 multi=12.2610 t=431s
  [contractive_09] step 5800/8000 | loss=7.1484 bel=4.8516 fp=1.3782 multi=16.0768 t=446s
  [contractive_09] step 6000/8000 | loss=7.0786 bel=4.9397 fp=0.8636 multi=17.0710 t=463s
  [contractive_09] step 6200/8000 | loss=6.9602 bel=5.4260 fp=0.4566 multi=13.0596 t=478s
  [contractive_09] step 6400/8000 | loss=7.4003 bel=5.1636 fp=0.8842 multi=17.9461 t=493s
  [contractive_09] step 6600/8000 | loss=6.0876 bel=4.6196 fp=0.3866 multi=12.7474 t=509s
  [contractive_09] step 6800/8000 | loss=5.8757 bel=4.4435 fp=0.3791 multi=12.4256 t=523s
  [contractive_09] step 7000/8000 | loss=6.4368 bel=5.0266 fp=0.4342 multi=11.9309 t=538s
  [contractive_09] step 7200/8000 | loss=6.0368 bel=4.5280 fp=0.4448 multi=12.8635 t=554s
  [contractive_09] step 7400/8000 | loss=5.3341 bel=3.8834 fp=0.3994 multi=12.5096 t=571s
  [contractive_09] step 7600/8000 | loss=6.1017 bel=4.7537 fp=0.3815 multi=11.5721 t=585s
  [contractive_09] step 7800/8000 | loss=5.7050 bel=4.3811 fp=0.3505 multi=11.4859 t=600s
  [contractive_09] step 8000/8000 | loss=5.5153 bel=4.1795 fp=0.3435 multi=11.6415 t=617s
  [contractive_09] DONE in 616.7s | final loss=5.5153 | saved: /home/nvidia/Linearizer/contractive_rl/planning/checkpoints/contractive_09.pt

=== Training contractive_099 ===
  [contractive_099] step 200/8000 | loss=7.1392 bel=4.7517 fp=2.4827 multi=11.4608 t=15s
  [contractive_099] step 400/8000 | loss=9.9048 bel=5.2730 fp=5.4647 multi=18.9941 t=29s
  [contractive_099] step 600/8000 | loss=7.1141 bel=4.9859 fp=1.4928 multi=13.8176 t=46s
  [contractive_099] step 800/8000 | loss=6.8265 bel=4.8950 fp=1.1960 multi=13.3352 t=58s
  [contractive_099] step 1000/8000 | loss=6.2471 bel=4.4521 fp=0.9416 multi=13.2417 t=76s
  [contractive_099] step 1200/8000 | loss=6.0622 bel=4.2202 fp=0.9956 multi=13.4418 t=91s
  [contractive_099] step 1400/8000 | loss=9.2634 bel=5.5878 fp=3.7620 multi=17.9454 t=105s
  [contractive_099] step 1600/8000 | loss=6.2070 bel=4.5386 fp=0.7629 multi=12.8685 t=120s
  [contractive_099] step 1800/8000 | loss=6.8673 bel=5.2773 fp=0.8286 multi=11.7570 t=136s
  [contractive_099] step 2000/8000 | loss=7.4411 bel=5.8905 fp=0.6337 multi=12.3372 t=151s
  [contractive_099] step 2200/8000 | loss=5.2366 bel=3.6581 fp=0.5388 multi=13.0910 t=168s
  [contractive_099] step 2400/8000 | loss=7.4971 bel=5.5726 fp=1.0176 multi=14.1572 t=184s
  [contractive_099] step 2600/8000 | loss=6.8245 bel=5.1868 fp=0.5404 multi=13.6754 t=200s
  [contractive_099] step 2800/8000 | loss=6.4173 bel=4.7030 fp=0.5668 multi=14.3092 t=217s
  [contractive_099] step 3000/8000 | loss=6.3473 bel=4.6324 fp=0.6753 multi=13.7731 t=234s
  [contractive_099] step 3200/8000 | loss=11.4832 bel=6.0136 fp=7.0098 multi=19.6469 t=250s
  [contractive_099] step 3400/8000 | loss=5.5997 bel=4.2050 fp=0.3816 multi=12.0395 t=266s
  [contractive_099] step 3600/8000 | loss=7.5794 bel=4.6999 fp=2.4100 multi=16.7447 t=281s
  [contractive_099] step 3800/8000 | loss=6.1877 bel=4.7069 fp=0.3968 multi=12.8240 t=295s
  [contractive_099] step 4000/8000 | loss=6.7917 bel=5.1750 fp=0.5412 multi=13.4614 t=308s
  [contractive_099] step 4200/8000 | loss=5.0045 bel=3.5817 fp=0.3683 multi=12.3870 t=322s
  [contractive_099] step 4400/8000 | loss=5.6808 bel=4.1687 fp=0.4376 multi=12.9330 t=336s
  [contractive_099] step 4600/8000 | loss=5.7362 bel=4.3116 fp=0.3933 multi=12.2793 t=350s
  [contractive_099] step 4800/8000 | loss=5.1763 bel=3.6928 fp=0.4672 multi=12.4986 t=364s
  [contractive_099] step 5000/8000 | loss=7.2809 bel=5.7727 fp=0.4730 multi=12.7180 t=380s
  [contractive_099] step 5200/8000 | loss=6.0380 bel=4.6501 fp=0.4054 multi=11.8522 t=395s
  [contractive_099] step 5400/8000 | loss=6.6786 bel=5.1320 fp=0.4681 multi=13.1254 t=411s
  [contractive_099] step 5600/8000 | loss=6.9883 bel=5.5938 fp=0.3587 multi=12.1513 t=425s
  [contractive_099] step 5800/8000 | loss=7.4709 bel=4.7879 fp=2.0702 multi=16.4786 t=438s
  [contractive_099] step 6000/8000 | loss=7.4898 bel=4.9169 fp=1.7441 multi=17.0091 t=452s
  [contractive_099] step 6200/8000 | loss=6.9896 bel=5.4041 fp=0.6075 multi=12.8171 t=465s
  [contractive_099] step 6400/8000 | loss=7.5508 bel=5.0658 fp=1.3042 multi=18.3287 t=479s
  [contractive_099] step 6600/8000 | loss=6.0320 bel=4.5441 fp=0.4134 multi=12.8128 t=495s
  [contractive_099] step 6800/8000 | loss=5.9126 bel=4.4798 fp=0.4198 multi=12.2287 t=508s
  [contractive_099] step 7000/8000 | loss=6.4990 bel=5.0823 fp=0.4806 multi=11.7646 t=521s
  [contractive_099] step 7200/8000 | loss=5.9080 bel=4.4207 fp=0.3881 multi=12.9320 t=538s
  [contractive_099] step 7400/8000 | loss=5.3196 bel=3.8711 fp=0.4335 multi=12.3179 t=553s
  [contractive_099] step 7600/8000 | loss=6.0189 bel=4.7074 fp=0.3293 multi=11.4690 t=569s
  [contractive_099] step 7800/8000 | loss=5.7011 bel=4.3520 fp=0.4410 multi=11.2857 t=583s
  [contractive_099] step 8000/8000 | loss=5.5171 bel=4.1465 fp=0.3841 multi=11.7846 t=598s
  [contractive_099] DONE in 597.8s | final loss=5.5171 | saved: /home/nvidia/Linearizer/contractive_rl/planning/checkpoints/contractive_099.pt

=== All training complete ===
